2021-07-29 16:08:29 [   DEBUG] Starting new HTTPS connection (1): huggingface.co:443 (connectionpool.py:975)
2021-07-29 16:08:31 [   DEBUG] https://huggingface.co:443 "HEAD /Helsinki-NLP/opus-mt-en-it/resolve/main/source.spm HTTP/1.1" 200 0 (connectionpool.py:461)
2021-07-29 16:08:31 [   DEBUG] Starting new HTTPS connection (1): huggingface.co:443 (connectionpool.py:975)
2021-07-29 16:08:32 [   DEBUG] https://huggingface.co:443 "HEAD /Helsinki-NLP/opus-mt-en-it/resolve/main/target.spm HTTP/1.1" 200 0 (connectionpool.py:461)
2021-07-29 16:08:32 [   DEBUG] Starting new HTTPS connection (1): huggingface.co:443 (connectionpool.py:975)
2021-07-29 16:08:33 [   DEBUG] https://huggingface.co:443 "HEAD /Helsinki-NLP/opus-mt-en-it/resolve/main/vocab.json HTTP/1.1" 200 0 (connectionpool.py:461)
2021-07-29 16:08:33 [   DEBUG] Starting new HTTPS connection (1): huggingface.co:443 (connectionpool.py:975)
2021-07-29 16:08:34 [   DEBUG] https://huggingface.co:443 "HEAD /Helsinki-NLP/opus-mt-en-it/resolve/main/tokenizer_config.json HTTP/1.1" 200 0 (connectionpool.py:461)
2021-07-29 16:08:34 [   DEBUG] Starting new HTTPS connection (1): huggingface.co:443 (connectionpool.py:975)
2021-07-29 16:08:35 [   DEBUG] https://huggingface.co:443 "HEAD /Helsinki-NLP/opus-mt-en-it/resolve/main/added_tokens.json HTTP/1.1" 404 0 (connectionpool.py:461)
2021-07-29 16:08:35 [   DEBUG] Starting new HTTPS connection (1): huggingface.co:443 (connectionpool.py:975)
2021-07-29 16:08:35 [   DEBUG] https://huggingface.co:443 "HEAD /Helsinki-NLP/opus-mt-en-it/resolve/main/special_tokens_map.json HTTP/1.1" 404 0 (connectionpool.py:461)
2021-07-29 16:08:35 [   DEBUG] Starting new HTTPS connection (1): huggingface.co:443 (connectionpool.py:975)
2021-07-29 16:08:37 [   DEBUG] https://huggingface.co:443 "HEAD /Helsinki-NLP/opus-mt-en-it/resolve/main/tokenizer.json HTTP/1.1" 404 0 (connectionpool.py:461)
2021-07-29 16:08:37 [   DEBUG] Starting new HTTPS connection (1): huggingface.co:443 (connectionpool.py:975)
2021-07-29 16:08:38 [   DEBUG] https://huggingface.co:443 "HEAD /Helsinki-NLP/opus-mt-en-it/resolve/main/config.json HTTP/1.1" 200 0 (connectionpool.py:461)
2021-07-29 16:08:38 [   DEBUG] Starting new HTTPS connection (1): huggingface.co:443 (connectionpool.py:975)
2021-07-29 16:08:39 [   DEBUG] https://huggingface.co:443 "HEAD /Helsinki-NLP/opus-mt-en-it/resolve/main/pytorch_model.bin HTTP/1.1" 302 0 (connectionpool.py:461)
2021-07-29 16:08:41 [   DEBUG] processed string: this is a THISISASLOT_0 template with THISISASLOT_1 slots (main.py:151)
2021-07-29 16:08:41 [   DEBUG] slots found: {'THISISASLOT_0': '{attribute}', 'THISISASLOT_1': '{count}'} (main.py:152)
2021-07-29 16:08:41 [   DEBUG] tokenized sequence: ['this', 'is', 'a', 'THISISASLOT_0', 'template', 'with', 'THISISASLOT_1', 'slots'] (main.py:155)
2021-07-29 16:08:41 [   DEBUG] text token object this (main.py:164)
2021-07-29 16:08:41 [   DEBUG] text token object is (main.py:164)
2021-07-29 16:08:41 [   DEBUG] text token object a (main.py:164)
2021-07-29 16:08:41 [   DEBUG] slot token object THISISASLOT_0 (main.py:160)
2021-07-29 16:08:41 [   DEBUG] text token object template (main.py:164)
2021-07-29 16:08:41 [   DEBUG] text token object with (main.py:164)
2021-07-29 16:08:41 [   DEBUG] slot token object THISISASLOT_1 (main.py:160)
2021-07-29 16:08:41 [   DEBUG] text token object slots (main.py:164)
2021-07-29 16:08:41 [   DEBUG] processed string: this is a THISISASLOT_0 template with THISISASLOT_1 slots (main.py:151)
2021-07-29 16:08:41 [   DEBUG] slots found: {'THISISASLOT_0': '{attribute}', 'THISISASLOT_1': '{count}'} (main.py:152)
2021-07-29 16:08:41 [   DEBUG] tokenized sequence: ['this', 'is', 'a', 'THISISASLOT_0', 'template', 'with', 'THISISASLOT_1', 'slots'] (main.py:155)
2021-07-29 16:08:41 [   DEBUG] text token object this (main.py:164)
2021-07-29 16:08:41 [   DEBUG] text token object is (main.py:164)
2021-07-29 16:08:41 [   DEBUG] text token object a (main.py:164)
2021-07-29 16:08:41 [   DEBUG] slot token object THISISASLOT_0 (main.py:160)
2021-07-29 16:08:41 [   DEBUG] text token object template (main.py:164)
2021-07-29 16:08:41 [   DEBUG] text token object with (main.py:164)
2021-07-29 16:08:41 [   DEBUG] slot token object THISISASLOT_1 (main.py:160)
2021-07-29 16:08:41 [   DEBUG] text token object slots (main.py:164)
2021-07-29 16:08:41 [   DEBUG] processed string: this is a THISISASLOT_0 template with THISISASLOT_1 slots (main.py:151)
2021-07-29 16:08:41 [   DEBUG] slots found: {'THISISASLOT_0': '{attribute}', 'THISISASLOT_1': '{count}'} (main.py:152)
2021-07-29 16:08:41 [   DEBUG] tokenized sequence: ['this', 'is', 'a', 'THISISASLOT_0', 'template', 'with', 'THISISASLOT_1', 'slots'] (main.py:155)
2021-07-29 16:08:41 [   DEBUG] text token object this (main.py:164)
2021-07-29 16:08:41 [   DEBUG] text token object is (main.py:164)
2021-07-29 16:08:41 [   DEBUG] text token object a (main.py:164)
2021-07-29 16:08:41 [   DEBUG] slot token object THISISASLOT_0 (main.py:160)
2021-07-29 16:08:41 [   DEBUG] text token object template (main.py:164)
2021-07-29 16:08:41 [   DEBUG] text token object with (main.py:164)
2021-07-29 16:08:41 [   DEBUG] slot token object THISISASLOT_1 (main.py:160)
2021-07-29 16:08:41 [   DEBUG] text token object slots (main.py:164)
2021-07-29 16:08:41 [   DEBUG] sequence has slots: ['attribute', 'count'] (main.py:207)
2021-07-29 16:08:41 [   DEBUG] realizing slot Replacement(attribute, stupid) (main.py:211)
2021-07-29 16:08:41 [   DEBUG] realizing slot Replacement(count, 2) (main.py:211)
2021-07-29 16:08:41 [   DEBUG] Testing with input type List[str] (test_main.py:280)
2021-07-29 16:08:42 [   DEBUG] Testing with input type Replacement (test_main.py:285)
2021-07-29 16:08:42 [   DEBUG] Testing with input type ReplacementSet (test_main.py:290)
2021-07-29 16:08:43 [   DEBUG] Testing with input type TokenSequence (test_main.py:299)
2021-07-29 16:08:43 [   DEBUG] separating placeholders from actual tokens (main.py:315)
2021-07-29 16:08:43 [   DEBUG] placeholder Tokens: [Token(entity, True)] (main.py:321)
2021-07-29 16:08:43 [   DEBUG] actual Tokens: [Token(is, False), Token(easy, False)] (main.py:322)
2021-07-29 16:08:43 [   DEBUG] translating text of actual Tokens: ['is', 'easy'] (main.py:325)
2021-07-29 16:08:44 [   DEBUG] translated text tokens ['è', 'facile'] (main.py:327)
2021-07-29 16:08:44 [   DEBUG] appending translation of source token Token(entity, True) (main.py:333)
2021-07-29 16:08:44 [   DEBUG] appending translation of source token Token(is, False) (main.py:333)
2021-07-29 16:08:44 [   DEBUG] appending translation of source token Token(easy, False) (main.py:333)
2021-07-29 16:08:44 [   DEBUG] leftover tokens [], [] (main.py:342)
2021-07-29 16:08:44 [   DEBUG] [Token(entity, True), Token(è, False), Token(facile, False)] (test_main.py:315)
2021-07-29 16:08:44 [   DEBUG] separating placeholders from actual tokens (main.py:315)
2021-07-29 16:08:44 [   DEBUG] placeholder Tokens: [Token(entity, True)] (main.py:321)
2021-07-29 16:08:44 [   DEBUG] actual Tokens: [Token(is, False), Token(easy, False)] (main.py:322)
2021-07-29 16:08:44 [   DEBUG] translating text of actual Tokens: ['is', 'easy'] (main.py:325)
2021-07-29 16:08:45 [   DEBUG] translated text tokens ['è', 'facile'] (main.py:327)
2021-07-29 16:08:45 [   DEBUG] appending translation of source token Token(entity, True) (main.py:333)
2021-07-29 16:08:45 [   DEBUG] appending translation of source token Token(is, False) (main.py:333)
2021-07-29 16:08:45 [   DEBUG] appending translation of source token Token(easy, False) (main.py:333)
2021-07-29 16:08:45 [   DEBUG] leftover tokens [], [] (main.py:342)
